// Jest Snapshot v1, https://goo.gl/fbAQLP

exports[`<Title /> should render the children 1`] = `
<h1
  class="container "
>
  Testando...
</h1>
`;
